[declann.framer.website/index.html]
[backblue.gif]
[fade.gif]
[index.html]
[framerusercontent.com/sites/icons/default-favicon-light.v1.png]
[framerusercontent.com/sites/icons/default-favicon-dark.v1.png]
[framerusercontent.com/sites/icons/default-touch-icon.v3.png]
[framerusercontent.com/images/oOWm6yXzk4v6gVeeWqAyFVnQU88ac.png]
[framerusercontent.com/images/PUD59c7varX4yBgQ8jD4avSASi8e316.jpg]
[framerusercontent.com/images/wBMn9TPQqmiOyLESWXPnCb280we316.jpg]
[framerusercontent.com/images/OMkiihLkvkhTAZj1mczPCyIdNhce316.jpg]
[declann.framer.website/contact.html]
[framerusercontent.com/images/mDl5kWwqr4JYD5LWJoNL9nrZPc8d3b.png]
[framerusercontent.com/images/wfveBp4CC208LYbfJecE1rZL50888c.png]
[framerusercontent.com/images/pi7C1kEK9JFVaMhY14puB3sLTyw12f3.png]
[framerusercontent.com/images/BdGR1ZDguacHWOBnWg1ptTdkcLIda7d.jpg]
[framerusercontent.com/images/8aH0xqBMn3MjEsRC9ocMOyzEvsace0.jpg]
[framerusercontent.com/images/s6uuT50JQKUxOZuocgprRBJnkb077.jpg]
[framerusercontent.com/images/y6nsXyFCXVHybL6AG2drPt8Xug1c66.png]
[framerusercontent.com/images/gntpMjFjbyir7sTtdz7zKY6bWYe316.jpg]
[framerusercontent.com/images/qqgMFFhBjbmzllL7E6Dml51Gw90ee.png]
[framerusercontent.com/images/vhHIJv4PmmgQ1TXOzia8Qs7b5g1c66.png]
[framerusercontent.com/images/JCrdjTQkBQrBm7Te6KMsT3xpGse316.jpg]
[framerusercontent.com/images/WNmIDvpcKTAnhRuEQraYm8sxjC8e316.jpg]
[framerusercontent.com/images/O8SdC4cqxa7Z7SerCDbrP65MuAb077.jpg]
[framerusercontent.com/images/iqpXkwXq6BDwBwLbJEhx67qMb6Q553c.png]
[framerusercontent.com/images/jiwEpXZJ2HrC1w6aex0SJYM0Kqw88ac.png]
[framerusercontent.com/images/Y5AFvfgojGp5o71GfsmYLTaUZEca24.png]
[framerusercontent.com/images/MLrcLxGgycm0moyG1Xii1V60gf0e3.png]
[declann.framer.website/index.html]
[framerusercontent.com/images/x9owFBtiChqV1cmSdZ4fDb76A.png]
[declann.framer.website/contact.html]
